Microchip MPLAB XC8 Compiler V2.46

Linker command line:

-W-3 \
  --edf=C:\Program Files\Microchip\xc8\v2.46\pic\dat\20240104201356_en.msgs \
  -cn -h+dist/default/production\BT1.X.production.sym \
  --cmf=dist/default/production\BT1.X.production.cmf -z -Q16F887 \
  -oC:\Users\thinh\AppData\Local\Temp\xcAsbag.\driver_tmp_3.o \
  --defsym=__MPLAB_BUILD=1 --fixupoverflow=error \
  -Mdist/default/production/BT1.X.production.map \
  --md=C:\Users\thinh\AppData\Local\Temp\xcAsbag.\driver_tmp_0.dat -E1 \
  -ver=XC8 Compiler --acfsm=1493 -ACODE=00h-07FFhx4 -ASTRCODE=00h-01FFFh \
  -ASTRING=00h-0FFhx32 -ACONST=00h-0FFhx32 -AENTRY=00h-0FFhx32 \
  -ACOMMON=070h-07Fh -ABANK0=020h-06Fh -ABANK1=0A0h-0EFh \
  -ABANK2=0110h-016Fh -ABANK3=0190h-01EFh \
  -ARAM=020h-06Fh,0A0h-0EFh,0110h-016Fh,0190h-01EFh \
  -AABS1=020h-07Fh,0A0h-0EFh,0110h-016Fh,0190h-01EFh -ASFR0=00h-01Fh \
  -ASFR1=080h-09Fh -ASFR2=0100h-010Fh -ASFR3=0180h-018Fh \
  -ACONFIG=02007h-02008h -DCONFIG=2 -AIDLOC=02000h-02003h -DIDLOC=2 \
  -AEEDATA=00h-0FFh/02100h -peeprom_data=EEDATA -DEEDATA=2 -DCODE=2 \
  -DSTRCODE=2 -DSTRING=2 -DCONST=2 -DENTRY=2 \
  -preset_vec=00h,intentry=04h,sivt,init,end_init -ppowerup=CODE \
  -pcinit=CODE -pfunctab=ENTRY -k \
  C:\Users\thinh\AppData\Local\Temp\xcAsbag.\driver_tmp_17.o \
  dist/default/production\BT1.X.production.o 

Object code version is 3.11

Machine type is 16F887



                Name                               Link     Load   Length Selector   Space Scale
C:\Users\thinh\AppData\Local\Temp\xcAsbag.\driver_tmp_17.o
                end_init                             12       12        3        8       0
                reset_vec                             0        0        3        0       0
                config                             2007     2007        2        0       4
dist/default/production\BT1.X.production.o
                cinit                                15       15       15        8       0
                intentry                              4        4        E        8       0
                config                             2007     2007        2        0       4
                text27                              23C      23C       67        8       0
                text26                              2FD      2FD       59        8       0
                text25                              6E8      6E8       11        8       0
                text24                              68E      68E       30        8       0
                text23                              524      524       42        8       0
                text22                              61F      61F       39        8       0
                text21                              796      796       22      E4E       0
                text20                              400      400       50        8       0
                text19                              FF8      FF8        8     1FF0       0
                text18                              2A3      2A3       5A        8       0
                text17                              6BE      6BE       2A        8       0
                text16                              5E5      5E5       3A        8       0
                text15                               2A       2A       C8        8       0
                text14                              74D      74D       25      E4E       0
                text13                              356      356       58        8       0
                text12                              19B      19B       A1        8       0
                text11                              7B8      7B8       21      E4E       0
                text10                              7D9      7D9       1F      E4E       0
                text9                               727      727       26      E4E       0
                text8                               49C      49C       46        8       0
                text7                               5A7      5A7       3E        8       0
                text6                               450      450       4C        8       0
                text5                               566      566       41        8       0
                text4                                F2       F2       A9        8       0
                text3                               772      772       24      E4E       0
                text2                               3AE      3AE       52        8       0
                text1                               658      658       36        8       0
                maintext                            4E2      4E2       42        8       0
                cstackBANK0                          20       20       48       20       1
                cstackCOMMON                         70       70        E       70       1
                cstackBANK1                          C0       C0        C       A0       1
                clrtext                             7F8      7F8        8      E4E       0
                bssBANK1                             A0       A0       20       A0       1
                bssBANK0                             68       68        6       20       1
                strings                             700      700       27      E00       0

TOTAL           Name                               Link     Load   Length     Space
        CLASS   CODE           
                end_init                             12       12        3         0
                cinit                                15       15       15         0
                intentry                              4        4        E         0
                reset_vec                             0        0        3         0
                text27                              23C      23C       67         0
                text26                              2FD      2FD       59         0
                text25                              6E8      6E8       11         0
                text24                              68E      68E       30         0
                text23                              524      524       42         0
                text22                              61F      61F       39         0
                text21                              796      796       22         0
                text20                              400      400       50         0
                text19                              FF8      FF8        8         0
                text18                              2A3      2A3       5A         0
                text17                              6BE      6BE       2A         0
                text16                              5E5      5E5       3A         0
                text15                               2A       2A       C8         0
                text14                              74D      74D       25         0
                text13                              356      356       58         0
                text12                              19B      19B       A1         0
                text11                              7B8      7B8       21         0
                text10                              7D9      7D9       1F         0
                text9                               727      727       26         0
                text8                               49C      49C       46         0
                text7                               5A7      5A7       3E         0
                text6                               450      450       4C         0
                text5                               566      566       41         0
                text4                                F2       F2       A9         0
                text3                               772      772       24         0
                text2                               3AE      3AE       52         0
                text1                               658      658       36         0
                maintext                            4E2      4E2       42         0
                clrtext                             7F8      7F8        8         0

        CLASS   STRCODE        

        CLASS   STRING         
                strings                             700      700       27         0

        CLASS   CONST          

        CLASS   ENTRY          

        CLASS   COMMON         
                cstackCOMMON                         70       70        E         1

        CLASS   BANK0          
                cstackBANK0                          20       20       48         1
                bssBANK0                             68       68        6         1

        CLASS   BANK1          
                cstackBANK1                          C0       C0        C         1
                bssBANK1                             A0       A0       20         1

        CLASS   BANK2          

        CLASS   BANK3          

        CLASS   RAM            

        CLASS   ABS1           
                abs_s1                               7E       7E        2         1

        CLASS   SFR0           

        CLASS   SFR1           

        CLASS   SFR2           

        CLASS   SFR3           

        CLASS   CONFIG         
                config                             2007     2007        2         4

        CLASS   IDLOC          

        CLASS   EEDATA         

        CLASS   HEAP           

        CLASS   STACK          



SEGMENTS        Name                           Load    Length   Top    Selector   Space  Class     Delta

                reset_vec                      000000  000003  000003         0       0  CODE        2
                intentry                       000004  0006F5  0006F9         8       0  CODE        2
                cstackBANK0                    000020  00004E  00006E        20       1  BANK0       1
                cstackCOMMON                   000070  00000E  00007E        70       1  COMMON      1
                bssBANK1                       0000A0  00002C  0000CC        A0       1  BANK1       1
                strings                        000700  000027  000727       E00       0  STRING      2
                text9                          000727  0000D9  000800       E4E       0  CODE        2
                text19                         000FF8  000008  001000      1FF0       0  CODE        2


UNUSED ADDRESS RANGES

        Name                Unused          Largest block    Delta
        BANK0            006E-006F              2           1
        BANK1            00CC-00EF             24           1
        BANK2            0110-016F             60           1
        BANK3            0190-01EF             60           1
        CODE             0003-0003              1           2
                         06F9-06FF              7
                         0800-0FF7            7F8
                         1000-1FFF            800
        CONST            0003-0003              1           2
                         06F9-06FF              7
                         0800-0FF7            100
                         1000-1FFF            100
        EEDATA           2100-21FF            100           2
        ENTRY            0003-0003              1           2
                         06F9-06FF              7
                         0800-0FF7            100
                         1000-1FFF            100
        IDLOC            2000-2003              4           2
        RAM              006E-006F              2           1
                         00CC-00EF             24
                         0110-016F             60
                         0190-01EF             60
        SFR0             0000-001F             20           1
        SFR1             0080-009F             20           1
        SFR2             0100-010F             10           1
        SFR3             0180-018F             10           1
        STRCODE          0003-0003              1           2
                         06F9-06FF              7
                         0800-0FF7            7F8
                         1000-1FFF           1000
        STRING           0003-0003              1           2
                         06F9-06FF              7
                         0800-0FF7            100
                         1000-1FFF            100

                                  Symbol Table

?___awdiv                   cstackCOMMON 0070
?___awmod                   cstackCOMMON 0070
?___wmul                    cstackCOMMON 0070
?_abs                       cstackCOMMON 0076
?_read_prec_or_width        cstackCOMMON 0076
?_sprintf                   cstackBANK0  004D
?_vfprintf                  cstackBANK0  0049
ISR@buffer                  cstackBANK0  0064
_ANSEL                      (abs)        0188
_ANSELH                     (abs)        0189
_GIE                        (abs)        005F
_INTE                       (abs)        005C
_INTEDG                     (abs)        040E
_INTF                       (abs)        0059
_ISR                        text8        049C
_RD1                        (abs)        0041
_RD2                        (abs)        0042
_RD3                        (abs)        0043
_RD4                        (abs)        0044
_RD5                        (abs)        0045
_RD6                        (abs)        0046
_RD7                        (abs)        0047
_TRISB0                     (abs)        0430
_TRISD1                     (abs)        0441
_TRISD2                     (abs)        0442
_TRISD3                     (abs)        0443
_TRISD4                     (abs)        0444
_TRISD5                     (abs)        0445
_TRISD6                     (abs)        0446
_TRISD7                     (abs)        0447
_WPUB0                      (abs)        04A8
__H__absolute__             __absolute__ 0000
__Habs1                     abs1         0000
__Hbank0                    bank0        0000
__Hbank1                    bank1        0000
__Hbank2                    bank2        0000
__Hbank3                    bank3        0000
__HbssBANK0                 bssBANK0     0000
__HbssBANK1                 bssBANK1     0000
__Hcinit                    cinit        002A
__Hclrtext                  clrtext      0000
__Hcode                     code         0000
__Hcommon                   common       0000
__Hconfig                   config       2009
__HcstackBANK0              cstackBANK0  0000
__HcstackBANK1              cstackBANK1  0000
__HcstackCOMMON             cstackCOMMON 0000
__Heeprom_data              eeprom_data  0000
__Hend_init                 end_init     0015
__Hfunctab                  functab      0000
__Hheap                     heap         0000
__Hinit                     init         0012
__Hintentry                 intentry     0012
__Hmaintext                 maintext     0000
__Hpowerup                  powerup      0000
__Hram                      ram          0000
__Hreset_vec                reset_vec    0003
__Hsfr0                     sfr0         0000
__Hsfr1                     sfr1         0000
__Hsfr2                     sfr2         0000
__Hsfr3                     sfr3         0000
__Hsivt                     sivt         0012
__Hspace_0                  (abs)        1000
__Hspace_1                  (abs)        00CC
__Hspace_2                  (abs)        0000
__Hspace_3                  (abs)        0000
__Hspace_4                  (abs)        4010
__Hstack                    stack        0000
__Hstrings                  strings      0000
__Htext                     text         0000
__L__absolute__             __absolute__ 0000
__Labs1                     abs1         0000
__Lbank0                    bank0        0000
__Lbank1                    bank1        0000
__Lbank2                    bank2        0000
__Lbank3                    bank3        0000
__LbssBANK0                 bssBANK0     0000
__LbssBANK1                 bssBANK1     0000
__Lcinit                    cinit        0015
__Lclrtext                  clrtext      0000
__Lcode                     code         0000
__Lcommon                   common       0000
__Lconfig                   config       0000
__LcstackBANK0              cstackBANK0  0000
__LcstackBANK1              cstackBANK1  0000
__LcstackCOMMON             cstackCOMMON 0000
__Leeprom_data              eeprom_data  0000
__Lend_init                 end_init     0012
__Lfunctab                  functab      0000
__Lheap                     heap         0000
__Linit                     init         0012
__Lintentry                 intentry     0004
__Lmaintext                 maintext     0000
__Lpowerup                  powerup      0000
__Lram                      ram          0000
__Lreset_vec                reset_vec    0000
__Lsfr0                     sfr0         0000
__Lsfr1                     sfr1         0000
__Lsfr2                     sfr2         0000
__Lsfr3                     sfr3         0000
__Lsivt                     sivt         0012
__Lspace_0                  (abs)        0000
__Lspace_1                  (abs)        0000
__Lspace_2                  (abs)        0000
__Lspace_3                  (abs)        0000
__Lspace_4                  (abs)        0000
__Lstack                    stack        0000
__Lstrings                  strings      0000
__Ltext                     text         0000
__S0                        (abs)        1000
__S1                        (abs)        00CC
__S3                        (abs)        0000
___awdiv                    text27       023C
___awdiv@counter            cstackCOMMON 0074
___awdiv@dividend           cstackCOMMON 0072
___awdiv@divisor            cstackCOMMON 0070
___awdiv@quotient           cstackCOMMON 0076
___awdiv@sign               cstackCOMMON 0075
___awmod                    text26       02FD
___awmod@counter            cstackCOMMON 0074
___awmod@dividend           cstackCOMMON 0072
___awmod@divisor            cstackCOMMON 0070
___awmod@sign               cstackCOMMON 0075
___heap_hi                  (abs)        0000
___heap_lo                  (abs)        0000
___int_sp                   stack        0000
___int_stack_hi             stack        0000
___int_stack_lo             stack        0000
___latbits                  (abs)        0002
___sp                       stack        0000
___stack_hi                 stack        0000
___stack_lo                 stack        0000
___stackhi                  (abs)        0000
___stacklo                  (abs)        0000
___wmul                     text14       074D
___wmul@multiplicand        cstackCOMMON 0072
___wmul@multiplier          cstackCOMMON 0070
___wmul@product             cstackCOMMON 0074
__end_of_ISR                text8        04E2
__end_of___awdiv            text27       02A3
__end_of___awmod            text26       0356
__end_of___wmul             text14       0772
__end_of__initialization    cinit        0026
__end_of__stringtab         strings      0710
__end_of_abs                text25       06F9
__end_of_dtoa               text15       00F2
__end_of_fputc              text18       02FD
__end_of_fputs              text17       06E8
__end_of_lcd_busy           text7        05E5
__end_of_lcd_gotoxy         text3        0796
__end_of_lcd_init           text4        019B
__end_of_lcd_put_byte       text5        05A7
__end_of_lcd_put_nibble     text6        049C
__end_of_lcd_putc           text2        0400
__end_of_lcd_puts           text1        068E
__end_of_main               maintext     0524
__end_of_pad                text16       061F
__end_of_putch              text19       1000
__end_of_read_prec_or_width text13       03AE
__end_of_sprintf            text10       07F8
__end_of_vfpfcnvrt          text12       023C
__end_of_vfprintf           text11       07D9
__end_ofi1_lcd_busy         text24       06BE
__end_ofi1_lcd_gotoxy       text21       07B8
__end_ofi1_lcd_put_byte     text22       0658
__end_ofi1_lcd_put_nibble   text23       0566
__end_ofi1_lcd_putc         text20       0450
__end_ofi1_lcd_puts         text9        074D
__initialization            cinit        0015
__pbssBANK0                 bssBANK0     0068
__pbssBANK1                 bssBANK1     00A0
__pcstackBANK0              cstackBANK0  0020
__pcstackBANK1              cstackBANK1  00C0
__pcstackCOMMON             cstackCOMMON 0070
__pintentry                 intentry     0004
__pmaintext                 maintext     04E2
__pstrings                  strings      0700
__ptext1                    text1        0658
__ptext10                   text10       07D9
__ptext11                   text11       07B8
__ptext12                   text12       019B
__ptext13                   text13       0356
__ptext14                   text14       074D
__ptext15                   text15       002A
__ptext16                   text16       05E5
__ptext17                   text17       06BE
__ptext18                   text18       02A3
__ptext19                   text19       0FF8
__ptext2                    text2        03AE
__ptext20                   text20       0400
__ptext21                   text21       0796
__ptext22                   text22       061F
__ptext23                   text23       0524
__ptext24                   text24       068E
__ptext25                   text25       06E8
__ptext26                   text26       02FD
__ptext27                   text27       023C
__ptext3                    text3        0772
__ptext4                    text4        00F2
__ptext5                    text5        0566
__ptext6                    text6        0450
__ptext7                    text7        05A7
__ptext8                    text8        049C
__ptext9                    text9        0727
__stringbase                strings      070F
__stringtab                 strings      0700
_abs                        text25       06E8
_dbuf                       bssBANK1     00A0
_dtoa                       text15       002A
_dtoa$697                   cstackBANK0  0035
_flags                      bssBANK0     006C
_fputc                      text18       02A3
_fputs                      text17       06BE
_lcd_busy                   text7        05A7
_lcd_gotoxy                 text3        0772
_lcd_init                   text4        00F2
_lcd_put_byte               text5        0566
_lcd_put_nibble             text6        0450
_lcd_putc                   text2        03AE
_lcd_puts                   text1        0658
_main                       maintext     04E2
_nRBPU                      (abs)        040F
_pad                        text16       05E5
_prec                       bssBANK0     006A
_push_count                 bssBANK0     006D
_putch                      text19       0FF8
_read_prec_or_width         text13       0356
_sprintf                    text10       07D9
_vfpfcnvrt                  text12       019B
_vfprintf                   text11       07B8
_width                      bssBANK0     0068
abs@a                       cstackCOMMON 0076
btemp                       (abs)        007E
clear_ram0                  clrtext      07F8
dtoa@d                      cstackBANK0  0033
dtoa@fp                     cstackBANK0  0037
dtoa@i                      cstackBANK0  003D
dtoa@p                      cstackBANK0  003A
dtoa@s                      cstackBANK0  003C
dtoa@w                      cstackBANK0  0038
end_of_initialization       cinit        0026
fputc@c                     cstackCOMMON 007B
fputc@fp                    cstackCOMMON 007D
fputs@c                     cstackBANK0  0028
fputs@fp                    cstackBANK0  0025
fputs@i                     cstackBANK0  0029
fputs@s                     cstackBANK0  002B
i1_lcd_busy                 text24       068E
i1_lcd_gotoxy               text21       0796
i1_lcd_put_byte             text22       061F
i1_lcd_put_nibble           text23       0524
i1_lcd_putc                 text20       0400
i1_lcd_puts                 text9        0727
i1lcd_busy@busy             cstackCOMMON 0071
i1lcd_gotoxy@address        cstackCOMMON 0078
i1lcd_gotoxy@col            cstackCOMMON 0077
i1lcd_gotoxy@row            cstackCOMMON 0076
i1lcd_put_byte@b            cstackCOMMON 0073
i1lcd_put_byte@rs           cstackCOMMON 0075
i1lcd_put_nibble@b          cstackCOMMON 0071
i1lcd_put_nibble@temp       cstackCOMMON 0072
i1lcd_putc@c                cstackCOMMON 0079
i1lcd_puts@s                cstackCOMMON 007A
interrupt_function          intentry     0004
intlevel0                   functab      0000
intlevel1                   functab      0000
intlevel2                   functab      0000
intlevel3                   functab      0000
intlevel4                   functab      0000
intlevel5                   functab      0000
lcd_busy@busy               cstackBANK1  00C1
lcd_gotoxy@address          cstackBANK1  00C8
lcd_gotoxy@col              cstackBANK1  00C7
lcd_gotoxy@row              cstackBANK1  00C6
lcd_put_byte@b              cstackBANK1  00C3
lcd_put_byte@rs             cstackBANK1  00C5
lcd_put_nibble@b            cstackBANK1  00C1
lcd_put_nibble@temp         cstackBANK1  00C2
lcd_putc@c                  cstackBANK1  00C9
lcd_puts@s                  cstackBANK1  00CA
pad@buf                     cstackBANK0  002C
pad@fp                      cstackBANK0  0032
pad@i                       cstackBANK0  0030
pad@p                       cstackBANK0  002D
putch@c                     cstackCOMMON 007A
read_prec_or_width@ap       cstackCOMMON 0076
read_prec_or_width@c        cstackCOMMON 0078
read_prec_or_width@fmt      cstackCOMMON 007B
read_prec_or_width@n        cstackCOMMON 0079
reset_vec                   reset_vec    0000
saved_w                     (abs)        007E
sprintf@ap                  cstackBANK0  0051
sprintf@f                   cstackBANK0  0053
sprintf@fmt                 cstackBANK0  004D
sprintf@s                   cstackBANK0  0052
start                       init         0012
start_initialization        cinit        0015
vfpfcnvrt@ap                cstackBANK0  0040
vfpfcnvrt@convarg           cstackBANK0  0043
vfpfcnvrt@cp                cstackBANK0  0048
vfpfcnvrt@fmt               cstackBANK0  003F
vfpfcnvrt@fp                cstackBANK0  0047
vfprintf@ap                 cstackBANK0  004A
vfprintf@cfmt               cstackBANK0  004C
vfprintf@fmt                cstackBANK0  0049
vfprintf@fp                 cstackBANK0  004B
wtemp0                      (abs)        007E


MODULE INFORMATION

Module		Function		Class		Link	Load	Size
C:\Program Files\Microchip\xc8\v2.46\pic\sources\c99\common\nf_fputc.c
		_fputc         		CODE           	02A3	0000	90

C:\Program Files\Microchip\xc8\v2.46\pic\sources\c99\common\nf_fputc.c estimated size: 90

C:\Program Files\Microchip\xc8\v2.46\pic\sources\c99\common\awdiv.c
		___awdiv       		CODE           	023C	0000	103

C:\Program Files\Microchip\xc8\v2.46\pic\sources\c99\common\awdiv.c estimated size: 103

C:\Program Files\Microchip\xc8\v2.46\pic\sources\c99\common\doprnt.c
		_read_prec_or_width		CODE           	0356	0000	88
		_vfpfcnvrt     		CODE           	019B	0000	161
		_pad           		CODE           	05E5	0000	58
		_dtoa          		CODE           	002A	0000	200
		_vfprintf      		CODE           	07B8	0000	33

C:\Program Files\Microchip\xc8\v2.46\pic\sources\c99\common\doprnt.c estimated size: 540

C:\Program Files\Microchip\xc8\v2.46\pic\sources\c99\common\nf_sprintf.c
		_sprintf       		CODE           	07D9	0000	31

C:\Program Files\Microchip\xc8\v2.46\pic\sources\c99\common\nf_sprintf.c estimated size: 31

shared
		i1_lcd_put_byte		CODE           	061F	0000	57
		__stringtab    		STRING         	0700	0000	16
		i1_lcd_busy    		CODE           	068E	0000	48
		__initialization		CODE           	0015	0000	17
		i1_lcd_gotoxy  		CODE           	0796	0000	34
		i1_lcd_putc    		CODE           	0400	0000	80
		i1_lcd_puts    		CODE           	0727	0000	38
		i1_lcd_put_nibble		CODE           	0524	0000	66

shared estimated size: 356

C:\Program Files\Microchip\xc8\v2.46\pic\sources\c99\common\Umul16.c
		___wmul        		CODE           	074D	0000	37

C:\Program Files\Microchip\xc8\v2.46\pic\sources\c99\common\Umul16.c estimated size: 37

C:\Program Files\Microchip\xc8\v2.46\pic\sources\c99\common\nf_fputs.c
		_fputs         		CODE           	06BE	0000	42

C:\Program Files\Microchip\xc8\v2.46\pic\sources\c99\common\nf_fputs.c estimated size: 42

lcd.c
		_lcd_busy      		CODE           	05A7	0000	62
		_lcd_putc      		CODE           	03AE	0000	82
		_lcd_puts      		CODE           	0658	0000	54
		_putch         		CODE           	0FF8	0000	8
		_lcd_put_byte  		CODE           	0566	0000	65
		_lcd_put_nibble		CODE           	0450	0000	76
		_lcd_gotoxy    		CODE           	0772	0000	36
		_lcd_init      		CODE           	00F2	0000	169

lcd.c estimated size: 552

C:\Program Files\Microchip\xc8\v2.46\pic\sources\c99\common\abs.c
		_abs           		CODE           	06E8	0000	17

C:\Program Files\Microchip\xc8\v2.46\pic\sources\c99\common\abs.c estimated size: 17

C:\Program Files\Microchip\xc8\v2.46\pic\sources\c99\common\awmod.c
		___awmod       		CODE           	02FD	0000	89

C:\Program Files\Microchip\xc8\v2.46\pic\sources\c99\common\awmod.c estimated size: 89

BT1.c
		_ISR           		CODE           	049C	0000	70
		_main          		CODE           	04E2	0000	66

BT1.c estimated size: 136

