Microchip MPLAB XC8 Compiler V2.46

Linker command line:

-W-3 \
  --edf=C:\Program Files\Microchip\xc8\v2.46\pic\dat\20240104201356_en.msgs \
  -cn -h+dist/default/production\BT3.X.production.sym \
  --cmf=dist/default/production\BT3.X.production.cmf -z -Q16F887 \
  -oC:\Users\thinh\AppData\Local\Temp\xcAscuc.\driver_tmp_3.o \
  --defsym=__MPLAB_BUILD=1 --fixupoverflow=error \
  -Mdist/default/production/BT3.X.production.map \
  --md=C:\Users\thinh\AppData\Local\Temp\xcAscuc.\driver_tmp_0.dat -E1 \
  -ver=XC8 Compiler --acfsm=1493 -ACODE=00h-07FFhx4 -ASTRCODE=00h-01FFFh \
  -ASTRING=00h-0FFhx32 -ACONST=00h-0FFhx32 -AENTRY=00h-0FFhx32 \
  -ACOMMON=070h-07Fh -ABANK0=020h-06Fh -ABANK1=0A0h-0EFh \
  -ABANK2=0110h-016Fh -ABANK3=0190h-01EFh \
  -ARAM=020h-06Fh,0A0h-0EFh,0110h-016Fh,0190h-01EFh \
  -AABS1=020h-07Fh,0A0h-0EFh,0110h-016Fh,0190h-01EFh -ASFR0=00h-01Fh \
  -ASFR1=080h-09Fh -ASFR2=0100h-010Fh -ASFR3=0180h-018Fh \
  -ACONFIG=02007h-02008h -DCONFIG=2 -AIDLOC=02000h-02003h -DIDLOC=2 \
  -AEEDATA=00h-0FFh/02100h -peeprom_data=EEDATA -DEEDATA=2 -DCODE=2 \
  -DSTRCODE=2 -DSTRING=2 -DCONST=2 -DENTRY=2 \
  -preset_vec=00h,intentry=04h,sivt,init,end_init -ppowerup=CODE \
  -pcinit=CODE -pfunctab=ENTRY -k \
  C:\Users\thinh\AppData\Local\Temp\xcAscuc.\driver_tmp_12.o \
  dist/default/production\BT3.X.production.o 

Object code version is 3.11

Machine type is 16F887



                Name                               Link     Load   Length Selector   Space Scale
C:\Users\thinh\AppData\Local\Temp\xcAscuc.\driver_tmp_12.o
                end_init                              C        C        3        8       0
                reset_vec                             0        0        3        0       0
                config                             2007     2007        2        0       4
dist/default/production\BT3.X.production.o
                cinit                                 F        F        4        8       0
                intentry                              4        4        8        8       0
                config                             2007     2007        2        0       4
                text9                                BC       BC       A2        8       0
                text8                               3E8      3E8       1A      4C2       0
                text7                               38C      38C       38      4C2       0
                text6                               303      303       4A      4C2       0
                text5                               34D      34D       3F      4C2       0
                text4                                13       13       A9        8       0
                text3                               3C4      3C4       24      4C2       0
                text2                               261      261       52      4C2       0
                text1                               2B3      2B3       50      4C2       0
                maintext                            15E      15E       96        8       0
                cstackBANK0                          20       20        F       20       1
                cstackCOMMON                         70       70        8       70       1
                strings                             200      200       61      400       0

TOTAL           Name                               Link     Load   Length     Space
        CLASS   CODE           
                end_init                              C        C        3         0
                cinit                                 F        F        4         0
                intentry                              4        4        8         0
                reset_vec                             0        0        3         0
                text9                                BC       BC       A2         0
                text8                               3E8      3E8       1A         0
                text7                               38C      38C       38         0
                text6                               303      303       4A         0
                text5                               34D      34D       3F         0
                text4                                13       13       A9         0
                text3                               3C4      3C4       24         0
                text2                               261      261       52         0
                text1                               2B3      2B3       50         0
                maintext                            15E      15E       96         0

        CLASS   STRCODE        

        CLASS   STRING         
                strings                             200      200       61         0

        CLASS   CONST          

        CLASS   ENTRY          

        CLASS   COMMON         
                cstackCOMMON                         70       70        8         1

        CLASS   BANK0          
                cstackBANK0                          20       20        F         1

        CLASS   BANK1          

        CLASS   BANK2          

        CLASS   BANK3          

        CLASS   RAM            

        CLASS   ABS1           
                abs_s1                               7E       7E        2         1

        CLASS   SFR0           

        CLASS   SFR1           

        CLASS   SFR2           

        CLASS   SFR3           

        CLASS   CONFIG         
                config                             2007     2007        2         4

        CLASS   IDLOC          

        CLASS   EEDATA         

        CLASS   HEAP           

        CLASS   STACK          



SEGMENTS        Name                           Load    Length   Top    Selector   Space  Class     Delta

                reset_vec                      000000  000003  000003         0       0  CODE        2
                intentry                       000004  0001F0  0001F4         8       0  CODE        2
                cstackBANK0                    000020  00000F  00002F        20       1  BANK0       1
                cstackCOMMON                   000070  000008  000078        70       1  COMMON      1
                strings                        000200  000061  000261       400       0  STRING      2
                text2                          000261  0001A1  000402       4C2       0  CODE        2


UNUSED ADDRESS RANGES

        Name                Unused          Largest block    Delta
        BANK0            002F-006F             41           1
        BANK1            00A0-00EF             50           1
        BANK2            0110-016F             60           1
        BANK3            0190-01EF             60           1
        CODE             0003-0003              1           2
                         01F4-01FF              C
                         0402-1FFF            800
        COMMON           0078-007D              6           1
        CONST            0003-0003              1           2
                         01F4-01FF              C
                         0402-1FFF            100
        EEDATA           2100-21FF            100           2
        ENTRY            0003-0003              1           2
                         01F4-01FF              C
                         0402-1FFF            100
        IDLOC            2000-2003              4           2
        RAM              002F-006F             41           1
                         00A0-00EF             50
                         0110-016F             60
                         0190-01EF             60
        SFR0             0000-001F             20           1
        SFR1             0080-009F             20           1
        SFR2             0100-010F             10           1
        SFR3             0180-018F             10           1
        STRCODE          0003-0003              1           2
                         01F4-01FF              C
                         0402-1FFF           1BFE
        STRING           0003-0003              1           2
                         01F4-01FF              C
                         0402-1FFF            100

                                  Symbol Table

_ANSEL                               (abs)        0188
_ANSELH                              (abs)        0189
_GIE                                 (abs)        005F
_INTE                                (abs)        005C
_INTEDG                              (abs)        040E
_INTF                                (abs)        0059
_ISR                                 text8        03E8
_PORTD                               (abs)        0008
_RB3                                 (abs)        0033
_RB4                                 (abs)        0034
_RB5                                 (abs)        0035
_RD1                                 (abs)        0041
_RD2                                 (abs)        0042
_RD3                                 (abs)        0043
_RD4                                 (abs)        0044
_RD5                                 (abs)        0045
_RD6                                 (abs)        0046
_RD7                                 (abs)        0047
_TRISB0                              (abs)        0430
_TRISB3                              (abs)        0433
_TRISB4                              (abs)        0434
_TRISB5                              (abs)        0435
_TRISD                               (abs)        0088
_TRISD1                              (abs)        0441
_TRISD2                              (abs)        0442
_TRISD3                              (abs)        0443
_TRISD4                              (abs)        0444
_TRISD5                              (abs)        0445
_TRISD6                              (abs)        0446
_TRISD7                              (abs)        0447
_WPUB0                               (abs)        04A8
__H__absolute__                      __absolute__ 0000
__Habs1                              abs1         0000
__Hbank0                             bank0        0000
__Hbank1                             bank1        0000
__Hbank2                             bank2        0000
__Hbank3                             bank3        0000
__Hcinit                             cinit        0013
__Hclrtext                           clrtext      0000
__Hcode                              code         0000
__Hcommon                            common       0000
__Hconfig                            config       2009
__HcstackBANK0                       cstackBANK0  0000
__HcstackCOMMON                      cstackCOMMON 0000
__Heeprom_data                       eeprom_data  0000
__Hend_init                          end_init     000F
__Hfunctab                           functab      0000
__Hheap                              heap         0000
__Hinit                              init         000C
__Hintentry                          intentry     000C
__Hmaintext                          maintext     0000
__Hpowerup                           powerup      0000
__Hram                               ram          0000
__Hreset_vec                         reset_vec    0003
__Hsfr0                              sfr0         0000
__Hsfr1                              sfr1         0000
__Hsfr2                              sfr2         0000
__Hsfr3                              sfr3         0000
__Hsivt                              sivt         000C
__Hspace_0                           (abs)        0402
__Hspace_1                           (abs)        0078
__Hspace_2                           (abs)        0000
__Hspace_3                           (abs)        0000
__Hspace_4                           (abs)        4010
__Hstack                             stack        0000
__Hstrings                           strings      0000
__Htext                              text         0000
__L__absolute__                      __absolute__ 0000
__Labs1                              abs1         0000
__Lbank0                             bank0        0000
__Lbank1                             bank1        0000
__Lbank2                             bank2        0000
__Lbank3                             bank3        0000
__Lcinit                             cinit        000F
__Lclrtext                           clrtext      0000
__Lcode                              code         0000
__Lcommon                            common       0000
__Lconfig                            config       0000
__LcstackBANK0                       cstackBANK0  0000
__LcstackCOMMON                      cstackCOMMON 0000
__Leeprom_data                       eeprom_data  0000
__Lend_init                          end_init     000C
__Lfunctab                           functab      0000
__Lheap                              heap         0000
__Linit                              init         000C
__Lintentry                          intentry     0004
__Lmaintext                          maintext     0000
__Lpowerup                           powerup      0000
__Lram                               ram          0000
__Lreset_vec                         reset_vec    0000
__Lsfr0                              sfr0         0000
__Lsfr1                              sfr1         0000
__Lsfr2                              sfr2         0000
__Lsfr3                              sfr3         0000
__Lsivt                              sivt         000C
__Lspace_0                           (abs)        0000
__Lspace_1                           (abs)        0000
__Lspace_2                           (abs)        0000
__Lspace_3                           (abs)        0000
__Lspace_4                           (abs)        0000
__Lstack                             stack        0000
__Lstrings                           strings      0000
__Ltext                              text         0000
__S0                                 (abs)        0402
__S1                                 (abs)        0078
__S3                                 (abs)        0000
___heap_hi                           (abs)        0000
___heap_lo                           (abs)        0000
___int_sp                            stack        0000
___int_stack_hi                      stack        0000
___int_stack_lo                      stack        0000
___latbits                           (abs)        0002
___sp                                stack        0000
___stack_hi                          stack        0000
___stack_lo                          stack        0000
___stackhi                           (abs)        0000
___stacklo                           (abs)        0000
__end_of_ISR                         text8        0402
__end_of__initialization             cinit        000F
__end_of__stringtab                  strings      0206
__end_of_cgram_dat                   strings      0261
__end_of_dat_line1                   strings      0214
__end_of_dat_line2                   strings      0220
__end_of_lcd_busy                    text7        03C4
__end_of_lcd_gotoxy                  text3        03E8
__end_of_lcd_init                    text4        00BC
__end_of_lcd_put_byte                text5        038C
__end_of_lcd_put_nibble              text6        034D
__end_of_lcd_putc                    text2        02B3
__end_of_load_custom_characters      text1        0303
__end_of_main                        maintext     01F4
__end_of_sangDuoi                    text9        015E
__initialization                     cinit        000F
__pcstackBANK0                       cstackBANK0  0020
__pcstackCOMMON                      cstackCOMMON 0070
__pintentry                          intentry     0004
__pmaintext                          maintext     015E
__pstrings                           strings      0200
__ptext1                             text1        02B3
__ptext2                             text2        0261
__ptext3                             text3        03C4
__ptext4                             text4        0013
__ptext5                             text5        034D
__ptext6                             text6        0303
__ptext7                             text7        038C
__ptext8                             text8        03E8
__ptext9                             text9        00BC
__stringbase                         strings      0205
__stringtab                          strings      0200
_cgram_dat                           strings      0220
_dat_line1                           strings      0206
_dat_line2                           strings      0214
_lcd_busy                            text7        038C
_lcd_gotoxy                          text3        03C4
_lcd_init                            text4        0013
_lcd_put_byte                        text5        034D
_lcd_put_nibble                      text6        0303
_lcd_putc                            text2        0261
_load_custom_characters              text1        02B3
_main                                maintext     015E
_nRBPU                               (abs)        040F
_sangDuoi                            text9        00BC
btemp                                (abs)        007E
end_of_initialization                cinit        000F
interrupt_function                   intentry     0004
intlevel0                            functab      0000
intlevel1                            functab      0000
intlevel2                            functab      0000
intlevel3                            functab      0000
intlevel4                            functab      0000
intlevel5                            functab      0000
lcd_busy@busy                        cstackBANK0  0021
lcd_gotoxy@address                   cstackBANK0  0028
lcd_gotoxy@col                       cstackBANK0  0027
lcd_gotoxy@row                       cstackBANK0  0026
lcd_put_byte@b                       cstackBANK0  0023
lcd_put_byte@rs                      cstackBANK0  0025
lcd_put_nibble@b                     cstackBANK0  0021
lcd_put_nibble@temp                  cstackBANK0  0022
lcd_putc@c                           cstackBANK0  0029
load_custom_characters@custom_data   cstackBANK0  0028
load_custom_characters@i             cstackBANK0  0029
load_custom_characters@start_address cstackBANK0  0026
main@i                               cstackBANK0  002D
main@j                               cstackBANK0  002E
reset_vec                            reset_vec    0000
saved_w                              (abs)        007E
start                                init         000C
start_initialization                 cinit        000F
wtemp0                               (abs)        007E


MODULE INFORMATION

Module		Function		Class		Link	Load	Size
../BT1.X/lcd.c
		_lcd_busy      		CODE           	038C	0000	56
		_lcd_putc      		CODE           	0261	0000	82
		_lcd_put_byte  		CODE           	034D	0000	63
		_lcd_put_nibble		CODE           	0303	0000	74
		_lcd_gotoxy    		CODE           	03C4	0000	36
		_lcd_init      		CODE           	0013	0000	169

../BT1.X/lcd.c estimated size: 480

shared
		__stringtab    		STRING         	0200	0000	6
		__initialization		CODE           	000F	0000	1
		_dat_line1     		STRING         	0206	0000	14
		_dat_line2     		STRING         	0214	0000	12
		_cgram_dat     		STRING         	0220	0000	65

shared estimated size: 98

BT3.c
		_ISR           		CODE           	03E8	0000	26
		_sangDuoi      		CODE           	00BC	0000	162
		_main          		CODE           	015E	0000	150
		_load_custom_characters		CODE           	02B3	0000	80

BT3.c estimated size: 418

