Microchip MPLAB XC8 Compiler V2.46

Linker command line:

-W-3 \
  --edf=C:\Program Files\Microchip\xc8\v2.46\pic\dat\20240104201356_en.msgs \
  -cn -h+dist/default/production\BT7.X.production.sym \
  --cmf=dist/default/production\BT7.X.production.cmf -z -Q16F887 \
  -oC:\Users\thinh\AppData\Local\Temp\xcAs2dk.\driver_tmp_3.o \
  --defsym=__MPLAB_BUILD=1 --fixupoverflow=error \
  -Mdist/default/production/BT7.X.production.map \
  --md=C:\Users\thinh\AppData\Local\Temp\xcAs2dk.\driver_tmp_0.dat -E1 \
  -ver=XC8 Compiler --acfsm=1493 -ACODE=00h-07FFhx4 -ASTRCODE=00h-01FFFh \
  -ASTRING=00h-0FFhx32 -ACONST=00h-0FFhx32 -AENTRY=00h-0FFhx32 \
  -ACOMMON=070h-07Fh -ABANK0=020h-06Fh -ABANK1=0A0h-0EFh \
  -ABANK2=0110h-016Fh -ABANK3=0190h-01EFh \
  -ARAM=020h-06Fh,0A0h-0EFh,0110h-016Fh,0190h-01EFh \
  -AABS1=020h-07Fh,0A0h-0EFh,0110h-016Fh,0190h-01EFh -ASFR0=00h-01Fh \
  -ASFR1=080h-09Fh -ASFR2=0100h-010Fh -ASFR3=0180h-018Fh \
  -ACONFIG=02007h-02008h -DCONFIG=2 -AIDLOC=02000h-02003h -DIDLOC=2 \
  -AEEDATA=00h-0FFh/02100h -peeprom_data=EEDATA -DEEDATA=2 -DCODE=2 \
  -DSTRCODE=2 -DSTRING=2 -DCONST=2 -DENTRY=2 \
  -preset_vec=00h,intentry,sivt,init,end_init -ppowerup=CODE -pcinit=CODE \
  -pfunctab=ENTRY -k \
  C:\Users\thinh\AppData\Local\Temp\xcAs2dk.\driver_tmp_12.o \
  dist/default/production\BT7.X.production.o 

Object code version is 3.11

Machine type is 16F887



                Name                               Link     Load   Length Selector   Space Scale
C:\Users\thinh\AppData\Local\Temp\xcAs2dk.\driver_tmp_12.o
                end_init                              0        0        3        0       0
                config                             2007     2007        2        0       4
dist/default/production\BT7.X.production.o
                cinit                               7EE      7EE       12      FDC       0
                config                             2007     2007        2        0       4
                text5                               5BA      5BA       27      B74       0
                text4                               6D2      6D2       67      DA4       0
                text3                               679      679       59      CF2       0
                text2                               5E1      5E1       49      BC2       0
                text1                               62A      62A       4F      C54       0
                maintext                            739      739       B5      E72       0
                cstackBANK0                          34       34        2       20       1
                cstackCOMMON                         70       70        E       70       1
                inittext                            593      593       13      B26       0
                dataBANK0                            20       20       14       20       1
                idataBANK0                          5A6      5A6       14      B4C       0

TOTAL           Name                               Link     Load   Length     Space
        CLASS   CODE           
                end_init                              0        0        3         0
                cinit                               7EE      7EE       12         0
                text5                               5BA      5BA       27         0
                text4                               6D2      6D2       67         0
                text3                               679      679       59         0
                text2                               5E1      5E1       49         0
                text1                               62A      62A       4F         0
                maintext                            739      739       B5         0
                inittext                            593      593       13         0
                idataBANK0                          5A6      5A6       14         0

        CLASS   STRCODE        

        CLASS   STRING         

        CLASS   CONST          

        CLASS   ENTRY          

        CLASS   COMMON         
                cstackCOMMON                         70       70        E         1

        CLASS   BANK0          
                cstackBANK0                          34       34        2         1
                dataBANK0                            20       20       14         1

        CLASS   BANK1          

        CLASS   BANK2          

        CLASS   BANK3          

        CLASS   RAM            

        CLASS   ABS1           
                abs_s1                               7E       7E        2         1

        CLASS   SFR0           

        CLASS   SFR1           

        CLASS   SFR2           

        CLASS   SFR3           

        CLASS   CONFIG         
                config                             2007     2007        2         4

        CLASS   IDLOC          

        CLASS   EEDATA         

        CLASS   HEAP           

        CLASS   STACK          



SEGMENTS        Name                           Load    Length   Top    Selector   Space  Class     Delta

                reset_vec                      000000  000003  000003         0       0  CODE        2
                dataBANK0                      000020  000016  000036        20       1  BANK0       1
                cstackCOMMON                   000070  00000E  00007E        70       1  COMMON      1
                inittext                       000593  000013  0005A6       B26       0  CODE        2
                idataBANK0                     0005A6  000014  0005BA       B4C       0  CODE        2
                text5                          0005BA  000027  0005E1       B74       0  CODE        2
                text2                          0005E1  000049  00062A       BC2       0  CODE        2
                text1                          00062A  00004F  000679       C54       0  CODE        2
                text3                          000679  000059  0006D2       CF2       0  CODE        2
                text4                          0006D2  000067  000739       DA4       0  CODE        2
                maintext                       000739  0000B5  0007EE       E72       0  CODE        2
                cinit                          0007EE  000012  000800       FDC       0  CODE        2


UNUSED ADDRESS RANGES

        Name                Unused          Largest block    Delta
        BANK0            0036-006F             3A           1
        BANK1            00A0-00EF             50           1
        BANK2            0110-016F             60           1
        BANK3            0190-01EF             60           1
        CODE             0003-0592            590           2
                         0800-1FFF            800
        CONST            0003-0592            100           2
                         0800-1FFF            100
        EEDATA           2100-21FF            100           2
        ENTRY            0003-0592            100           2
                         0800-1FFF            100
        IDLOC            2000-2003              4           2
        RAM              0036-006F             3A           1
                         00A0-00EF             50
                         0110-016F             60
                         0190-01EF             60
        SFR0             0000-001F             20           1
        SFR1             0080-009F             20           1
        SFR2             0100-010F             10           1
        SFR3             0180-018F             10           1
        STRCODE          0003-0592            590           2
                         0800-1FFF           1800
        STRING           0003-0592            100           2
                         0800-1FFF            100

                                  Symbol Table

?___awdiv                cstackCOMMON 0070
?___awmod                cstackCOMMON 0070
_ANSEL                   (abs)        0188
_ANSELH                  (abs)        0189
_MaLed                   dataBANK0    002A
_MaLed7Seg_nghich        dataBANK0    0020
_PORTC                   (abs)        0007
_PORTD                   (abs)        0008
_RB0                     (abs)        0030
_RB1                     (abs)        0031
_RB2                     (abs)        0032
_TRISB0                  (abs)        0430
_TRISB1                  (abs)        0431
_TRISB2                  (abs)        0432
_TRISC                   (abs)        0087
_TRISD                   (abs)        0088
_WPUB0                   (abs)        04A8
_WPUB1                   (abs)        04A9
_WPUB2                   (abs)        04AA
__H__absolute__          __absolute__ 0000
__Habs1                  abs1         0000
__Hbank0                 bank0        0000
__Hbank1                 bank1        0000
__Hbank2                 bank2        0000
__Hbank3                 bank3        0000
__Hcinit                 cinit        0800
__Hclrtext               clrtext      0000
__Hcode                  code         0000
__Hcommon                common       0000
__Hconfig                config       2009
__HcstackBANK0           cstackBANK0  0000
__HcstackCOMMON          cstackCOMMON 0000
__HdataBANK0             dataBANK0    0000
__Heeprom_data           eeprom_data  0000
__Hend_init              end_init     0003
__Hfunctab               functab      0000
__Hheap                  heap         0000
__HidataBANK0            idataBANK0   0000
__Hinit                  init         0000
__Hinittext              inittext     0000
__Hintentry              intentry     0000
__Hmaintext              maintext     0000
__Hpowerup               powerup      0000
__Hram                   ram          0000
__Hreset_vec             reset_vec    0000
__Hsfr0                  sfr0         0000
__Hsfr1                  sfr1         0000
__Hsfr2                  sfr2         0000
__Hsfr3                  sfr3         0000
__Hsivt                  sivt         0000
__Hspace_0               (abs)        0800
__Hspace_1               (abs)        007E
__Hspace_2               (abs)        0000
__Hspace_3               (abs)        0000
__Hspace_4               (abs)        4010
__Hstack                 stack        0000
__Hstrings               strings      0000
__Htext                  text         0000
__L__absolute__          __absolute__ 0000
__Labs1                  abs1         0000
__Lbank0                 bank0        0000
__Lbank1                 bank1        0000
__Lbank2                 bank2        0000
__Lbank3                 bank3        0000
__Lcinit                 cinit        07EE
__Lclrtext               clrtext      0000
__Lcode                  code         0000
__Lcommon                common       0000
__Lconfig                config       0000
__LcstackBANK0           cstackBANK0  0000
__LcstackCOMMON          cstackCOMMON 0000
__LdataBANK0             dataBANK0    0000
__Leeprom_data           eeprom_data  0000
__Lend_init              end_init     0000
__Lfunctab               functab      0000
__Lheap                  heap         0000
__LidataBANK0            idataBANK0   0000
__Linit                  init         0000
__Linittext              inittext     0000
__Lintentry              intentry     0000
__Lmaintext              maintext     0000
__Lpowerup               powerup      0000
__Lram                   ram          0000
__Lreset_vec             reset_vec    0000
__Lsfr0                  sfr0         0000
__Lsfr1                  sfr1         0000
__Lsfr2                  sfr2         0000
__Lsfr3                  sfr3         0000
__Lsivt                  sivt         0000
__Lspace_0               (abs)        0000
__Lspace_1               (abs)        0000
__Lspace_2               (abs)        0000
__Lspace_3               (abs)        0000
__Lspace_4               (abs)        0000
__Lstack                 stack        0000
__Lstrings               strings      0000
__Ltext                  text         0000
__S0                     (abs)        0800
__S1                     (abs)        007E
__S3                     (abs)        0000
___awdiv                 text4        06D2
___awdiv@counter         cstackCOMMON 0074
___awdiv@dividend        cstackCOMMON 0072
___awdiv@divisor         cstackCOMMON 0070
___awdiv@quotient        cstackCOMMON 0076
___awdiv@sign            cstackCOMMON 0075
___awmod                 text3        0679
___awmod@counter         cstackCOMMON 0074
___awmod@dividend        cstackCOMMON 0072
___awmod@divisor         cstackCOMMON 0070
___awmod@sign            cstackCOMMON 0075
___heap_hi               (abs)        0000
___heap_lo               (abs)        0000
___int_sp                stack        0000
___int_stack_hi          stack        0000
___int_stack_lo          stack        0000
___latbits               (abs)        0002
___sp                    stack        0000
___stack_hi              stack        0000
___stack_lo              stack        0000
___stackhi               (abs)        0000
___stacklo               (abs)        0000
__end_of___awdiv         text4        0739
__end_of___awmod         text3        06D2
__end_of__initialization cinit        07FC
__end_of_choptat_Ab      text5        05E1
__end_of_dem00_26        text2        062A
__end_of_dem99_00        text1        0679
__end_of_main            maintext     07EE
__initialization         cinit        07EE
__pcstackBANK0           cstackBANK0  0034
__pcstackCOMMON          cstackCOMMON 0070
__pdataBANK0             dataBANK0    0020
__pidataBANK0            idataBANK0   05A6
__pmaintext              maintext     0739
__ptext1                 text1        062A
__ptext2                 text2        05E1
__ptext3                 text3        0679
__ptext4                 text4        06D2
__ptext5                 text5        05BA
_choptat_Ab              text5        05BA
_dem00_26                text2        05E1
_dem99_00                text1        062A
_main                    maintext     0739
_nRBPU                   (abs)        040F
btemp                    (abs)        007E
dem00_26@hangChuc        cstackCOMMON 007C
dem00_26@hangDonVi       cstackCOMMON 007B
dem00_26@i               cstackCOMMON 007D
dem99_00@hangChuc        cstackCOMMON 007C
dem99_00@hangDonVi       cstackCOMMON 007B
dem99_00@i               cstackCOMMON 007D
end_of_initialization    cinit        07FC
init_fetch0              inittext     0593
init_ram0                inittext     0597
intlevel0                functab      0000
intlevel1                functab      0000
intlevel2                functab      0000
intlevel3                functab      0000
intlevel4                functab      0000
intlevel5                functab      0000
reset_vec                reset_vec    0000
start                    init         0000
start_initialization     cinit        07EE
wtemp0                   (abs)        007E


MODULE INFORMATION

Module		Function		Class		Link	Load	Size
C:\Program Files\Microchip\xc8\v2.46\pic\sources\c99\common\awdiv.c
		___awdiv       		CODE           	06D2	0000	103

C:\Program Files\Microchip\xc8\v2.46\pic\sources\c99\common\awdiv.c estimated size: 103

shared
		__initialization		CODE           	07EE	0000	14

shared estimated size: 14

BT7.c
		_main          		CODE           	0739	0000	181
		_dem99_00      		CODE           	062A	0000	79
		_dem00_26      		CODE           	05E1	0000	73
		_choptat_Ab    		CODE           	05BA	0000	39

BT7.c estimated size: 372

C:\Program Files\Microchip\xc8\v2.46\pic\sources\c99\common\awmod.c
		___awmod       		CODE           	0679	0000	89

C:\Program Files\Microchip\xc8\v2.46\pic\sources\c99\common\awmod.c estimated size: 89

