Microchip MPLAB XC8 Compiler V2.46

Linker command line:

-W-3 \
  --edf=C:\Program Files\Microchip\xc8\v2.46\pic\dat\20240104201356_en.msgs \
  -cn -h+dist/default/production\VD.X.production.sym \
  --cmf=dist/default/production\VD.X.production.cmf -z -Q16F887 \
  -oC:\Users\thinh\AppData\Local\Temp\xcAsisg.\driver_tmp_3.o \
  --defsym=__MPLAB_BUILD=1 --fixupoverflow=error \
  -Mdist/default/production/VD.X.production.map \
  --md=C:\Users\thinh\AppData\Local\Temp\xcAsisg.\driver_tmp_0.dat -E1 \
  -ver=XC8 Compiler --acfsm=1493 -ACODE=00h-07FFhx4 -ASTRCODE=00h-01FFFh \
  -ASTRING=00h-0FFhx32 -ACONST=00h-0FFhx32 -AENTRY=00h-0FFhx32 \
  -ACOMMON=070h-07Fh -ABANK0=020h-06Fh -ABANK1=0A0h-0EFh \
  -ABANK2=0110h-016Fh -ABANK3=0190h-01EFh \
  -ARAM=020h-06Fh,0A0h-0EFh,0110h-016Fh,0190h-01EFh \
  -AABS1=020h-07Fh,0A0h-0EFh,0110h-016Fh,0190h-01EFh -ASFR0=00h-01Fh \
  -ASFR1=080h-09Fh -ASFR2=0100h-010Fh -ASFR3=0180h-018Fh \
  -ACONFIG=02007h-02008h -DCONFIG=2 -AIDLOC=02000h-02003h -DIDLOC=2 \
  -AEEDATA=00h-0FFh/02100h -peeprom_data=EEDATA -DEEDATA=2 -DCODE=2 \
  -DSTRCODE=2 -DSTRING=2 -DCONST=2 -DENTRY=2 \
  -preset_vec=00h,intentry,sivt,init,end_init -ppowerup=CODE -pcinit=CODE \
  -pfunctab=ENTRY -k \
  C:\Users\thinh\AppData\Local\Temp\xcAsisg.\driver_tmp_12.o \
  dist/default/production\VD.X.production.o 

Object code version is 3.11

Machine type is 16F887



                Name                               Link     Load   Length Selector   Space Scale
C:\Users\thinh\AppData\Local\Temp\xcAsisg.\driver_tmp_12.o
                end_init                              0        0        3        0       0
                config                             2007     2007        2        0       4
dist/default/production\VD.X.production.o
                cinit                               7FC      7FC        4      FF8       0
                config                             2007     2007        2        0       4
                text10                              4F4      4F4       30      9E8       0
                text9                               55D      55D       42      ABA       0
                text8                               524      524       39      A48       0
                text7                               4A8      4A8       22      950       0
                text6                               5E9      5E9       50      BD2       0
                text5                               735      735       C7      E6A       0
                text4                               698      698       9D      D30       0
                text3                               59F      59F       4A      B3E       0
                text2                               49F      49F        9      93E       0
                text1                               4CA      4CA       2A      994       0
                maintext                            639      639       5F      C72       0
                cstackBANK0                          20       20       16       20       1
                cstackCOMMON                         70       70        E       70       1
                strings                               3        3       9A        6       0

TOTAL           Name                               Link     Load   Length     Space
        CLASS   CODE           
                end_init                              0        0        3         0
                cinit                               7FC      7FC        4         0
                text10                              4F4      4F4       30         0
                text9                               55D      55D       42         0
                text8                               524      524       39         0
                text7                               4A8      4A8       22         0
                text6                               5E9      5E9       50         0
                text5                               735      735       C7         0
                text4                               698      698       9D         0
                text3                               59F      59F       4A         0
                text2                               49F      49F        9         0
                text1                               4CA      4CA       2A         0
                maintext                            639      639       5F         0

        CLASS   STRCODE        

        CLASS   STRING         
                strings                               3        3       9A         0

        CLASS   CONST          

        CLASS   ENTRY          

        CLASS   COMMON         
                cstackCOMMON                         70       70        E         1

        CLASS   BANK0          
                cstackBANK0                          20       20       16         1

        CLASS   BANK1          

        CLASS   BANK2          

        CLASS   BANK3          

        CLASS   RAM            

        CLASS   ABS1           
                abs_s1                               7E       7E        2         1

        CLASS   SFR0           

        CLASS   SFR1           

        CLASS   SFR2           

        CLASS   SFR3           

        CLASS   CONFIG         
                config                             2007     2007        2         4

        CLASS   IDLOC          

        CLASS   EEDATA         

        CLASS   HEAP           

        CLASS   STACK          



SEGMENTS        Name                           Load    Length   Top    Selector   Space  Class     Delta

                reset_vec                      000000  000003  000003         0       0  CODE        2
                strings                        000003  00009A  00009D         6       0  STRING      2
                cstackBANK0                    000020  000016  000036        20       1  BANK0       1
                cstackCOMMON                   000070  00000E  00007E        70       1  COMMON      1
                text2                          00049F  000009  0004A8       93E       0  CODE        2
                text7                          0004A8  000022  0004CA       950       0  CODE        2
                text1                          0004CA  00002A  0004F4       994       0  CODE        2
                text10                         0004F4  000030  000524       9E8       0  CODE        2
                text8                          000524  000039  00055D       A48       0  CODE        2
                text9                          00055D  000042  00059F       ABA       0  CODE        2
                text3                          00059F  00004A  0005E9       B3E       0  CODE        2
                text6                          0005E9  000050  000639       BD2       0  CODE        2
                maintext                       000639  00005F  000698       C72       0  CODE        2
                text4                          000698  00009D  000735       D30       0  CODE        2
                text5                          000735  0000C7  0007FC       E6A       0  CODE        2
                cinit                          0007FC  000004  000800       FF8       0  CODE        2


UNUSED ADDRESS RANGES

        Name                Unused          Largest block    Delta
        BANK0            0036-006F             3A           1
        BANK1            00A0-00EF             50           1
        BANK2            0110-016F             60           1
        BANK3            0190-01EF             60           1
        CODE             009D-049E            402           2
                         0800-1FFF            800
        CONST            009D-049E            100           2
                         0800-1FFF            100
        EEDATA           2100-21FF            100           2
        ENTRY            009D-049E            100           2
                         0800-1FFF            100
        IDLOC            2000-2003              4           2
        RAM              0036-006F             3A           1
                         00A0-00EF             50
                         0110-016F             60
                         0190-01EF             60
        SFR0             0000-001F             20           1
        SFR1             0080-009F             20           1
        SFR2             0100-010F             10           1
        SFR3             0180-018F             10           1
        STRCODE          009D-049E            402           2
                         0800-1FFF           1800
        STRING           009D-049E            100           2
                         0800-1FFF            100

                                  Symbol Table

_RD1                                 (abs)        0041
_RD2                                 (abs)        0042
_RD3                                 (abs)        0043
_RD4                                 (abs)        0044
_RD5                                 (abs)        0045
_RD6                                 (abs)        0046
_RD7                                 (abs)        0047
_TRISD1                              (abs)        0441
_TRISD2                              (abs)        0442
_TRISD3                              (abs)        0443
_TRISD4                              (abs)        0444
_TRISD5                              (abs)        0445
_TRISD6                              (abs)        0446
_TRISD7                              (abs)        0447
__H__absolute__                      __absolute__ 0000
__Habs1                              abs1         0000
__Hbank0                             bank0        0000
__Hbank1                             bank1        0000
__Hbank2                             bank2        0000
__Hbank3                             bank3        0000
__Hcinit                             cinit        0800
__Hclrtext                           clrtext      0000
__Hcode                              code         0000
__Hcommon                            common       0000
__Hconfig                            config       2009
__HcstackBANK0                       cstackBANK0  0000
__HcstackCOMMON                      cstackCOMMON 0000
__Heeprom_data                       eeprom_data  0000
__Hend_init                          end_init     0003
__Hfunctab                           functab      0000
__Hheap                              heap         0000
__Hinit                              init         0000
__Hintentry                          intentry     0000
__Hmaintext                          maintext     0000
__Hpowerup                           powerup      0000
__Hram                               ram          0000
__Hreset_vec                         reset_vec    0000
__Hsfr0                              sfr0         0000
__Hsfr1                              sfr1         0000
__Hsfr2                              sfr2         0000
__Hsfr3                              sfr3         0000
__Hsivt                              sivt         0000
__Hspace_0                           (abs)        0800
__Hspace_1                           (abs)        007E
__Hspace_2                           (abs)        0000
__Hspace_3                           (abs)        0000
__Hspace_4                           (abs)        4010
__Hstack                             stack        0000
__Hstrings                           strings      0000
__Htext                              text         0000
__L__absolute__                      __absolute__ 0000
__Labs1                              abs1         0000
__Lbank0                             bank0        0000
__Lbank1                             bank1        0000
__Lbank2                             bank2        0000
__Lbank3                             bank3        0000
__Lcinit                             cinit        07FC
__Lclrtext                           clrtext      0000
__Lcode                              code         0000
__Lcommon                            common       0000
__Lconfig                            config       0000
__LcstackBANK0                       cstackBANK0  0000
__LcstackCOMMON                      cstackCOMMON 0000
__Leeprom_data                       eeprom_data  0000
__Lend_init                          end_init     0000
__Lfunctab                           functab      0000
__Lheap                              heap         0000
__Linit                              init         0000
__Lintentry                          intentry     0000
__Lmaintext                          maintext     0000
__Lpowerup                           powerup      0000
__Lram                               ram          0000
__Lreset_vec                         reset_vec    0000
__Lsfr0                              sfr0         0000
__Lsfr1                              sfr1         0000
__Lsfr2                              sfr2         0000
__Lsfr3                              sfr3         0000
__Lsivt                              sivt         0000
__Lspace_0                           (abs)        0000
__Lspace_1                           (abs)        0000
__Lspace_2                           (abs)        0000
__Lspace_3                           (abs)        0000
__Lspace_4                           (abs)        0000
__Lstack                             stack        0000
__Lstrings                           strings      0000
__Ltext                              text         0000
__S0                                 (abs)        0800
__S1                                 (abs)        007E
__S3                                 (abs)        0000
___heap_hi                           (abs)        0000
___heap_lo                           (abs)        0000
___int_sp                            stack        0000
___int_stack_hi                      stack        0000
___int_stack_lo                      stack        0000
___latbits                           (abs)        0002
___sp                                stack        0000
___stack_hi                          stack        0000
___stack_lo                          stack        0000
___stackhi                           (abs)        0000
___stacklo                           (abs)        0000
__end_of__initialization             cinit        07FC
__end_of__stringtab                  strings      0009
__end_of_cgram_dat                   strings      0080
__end_of_chaychu_2line               text5        07FC
__end_of_dat_line1                   strings      009D
__end_of_dat_line2                   strings      0028
__end_of_dat_line3                   strings      008F
__end_of_dat_line4                   strings      0019
__end_of_dat_line5                   strings      0034
__end_of_dat_line6                   strings      003F
__end_of_lcd_ShiftLeft               text2        04A8
__end_of_lcd_busy                    text10       0524
__end_of_lcd_gotoxy                  text7        04CA
__end_of_lcd_init                    text4        0735
__end_of_lcd_put_byte                text8        055D
__end_of_lcd_put_nibble              text9        059F
__end_of_lcd_putc                    text6        0639
__end_of_load_custom_characters      text3        05E9
__end_of_main                        maintext     0698
__end_of_shift_left_screen           text1        04F4
__initialization                     cinit        07FC
__pcstackBANK0                       cstackBANK0  0020
__pcstackCOMMON                      cstackCOMMON 0070
__pmaintext                          maintext     0639
__pstrings                           strings      0003
__ptext1                             text1        04CA
__ptext10                            text10       04F4
__ptext2                             text2        049F
__ptext3                             text3        059F
__ptext4                             text4        0698
__ptext5                             text5        0735
__ptext6                             text6        05E9
__ptext7                             text7        04A8
__ptext8                             text8        0524
__ptext9                             text9        055D
__stringbase                         strings      0008
__stringtab                          strings      0003
_cgram_dat                           strings      003F
_chaychu_2line                       text5        0735
_dat_line1                           strings      008F
_dat_line3                           strings      0080
_lcd_ShiftLeft                       text2        049F
_lcd_busy                            text10       04F4
_lcd_gotoxy                          text7        04A8
_lcd_init                            text4        0698
_lcd_put_byte                        text8        0524
_lcd_put_nibble                      text9        055D
_lcd_putc                            text6        05E9
_load_custom_characters              text3        059F
_main                                maintext     0639
_shift_left_screen                   text1        04CA
btemp                                (abs)        007E
chaychu_2line@j                      cstackBANK0  002A
chaychu_2line@j_86                   cstackBANK0  002C
chaychu_2line@k                      cstackBANK0  002E
chaychu_2line@line_data1             cstackBANK0  0029
chaychu_2line@line_data2             cstackBANK0  0020
chaychu_2line@line_number1           cstackBANK0  0025
chaychu_2line@line_number2           cstackBANK0  0027
chaychu_2line@line_size1             cstackBANK0  0021
chaychu_2line@line_size2             cstackBANK0  0023
end_of_initialization                cinit        07FC
intlevel0                            functab      0000
intlevel1                            functab      0000
intlevel2                            functab      0000
intlevel3                            functab      0000
intlevel4                            functab      0000
intlevel5                            functab      0000
lcd_busy@busy                        cstackCOMMON 0071
lcd_gotoxy@address                   cstackCOMMON 0078
lcd_gotoxy@col                       cstackCOMMON 0077
lcd_gotoxy@row                       cstackCOMMON 0076
lcd_put_byte@b                       cstackCOMMON 0073
lcd_put_byte@rs                      cstackCOMMON 0075
lcd_put_nibble@b                     cstackCOMMON 0071
lcd_put_nibble@temp                  cstackCOMMON 0072
lcd_putc@c                           cstackCOMMON 0079
load_custom_characters@custom_data   cstackCOMMON 0078
load_custom_characters@i             cstackCOMMON 0079
load_custom_characters@start_address cstackCOMMON 0076
main@repeat                          cstackBANK0  0034
main@size_line1                      cstackBANK0  0030
main@size_line3                      cstackBANK0  0032
reset_vec                            reset_vec    0000
shift_left_screen@i                  cstackCOMMON 007B
shift_left_screen@times              cstackCOMMON 0076
start                                init         0000
start_initialization                 cinit        07FC
wtemp0                               (abs)        007E


MODULE INFORMATION

Module		Function		Class		Link	Load	Size
shared
		__stringtab    		STRING         	0003	0000	6
		__initialization		CODE           	07FC	0000	1
		_dat_line1     		STRING         	008F	0000	14
		_dat_line2     		STRING         	0000	0000	0
		_dat_line3     		STRING         	0080	0000	15
		_dat_line4     		STRING         	0000	0000	0
		_dat_line5     		STRING         	0000	0000	0
		_dat_line6     		STRING         	0000	0000	0
		_cgram_dat     		STRING         	003F	0000	65

shared estimated size: 101

lcd.c
		_lcd_busy      		CODE           	04F4	0000	48
		_lcd_putc      		CODE           	05E9	0000	80
		_lcd_put_byte  		CODE           	0524	0000	57
		_lcd_ShiftLeft 		CODE           	049F	0000	9
		_lcd_put_nibble		CODE           	055D	0000	66
		_lcd_gotoxy    		CODE           	04A8	0000	34
		_lcd_init      		CODE           	0698	0000	157

lcd.c estimated size: 451

BT1.c
		_shift_left_screen		CODE           	04CA	0000	42
		_main          		CODE           	0639	0000	95
		_chaychu_2line 		CODE           	0735	0000	199
		_load_custom_characters		CODE           	059F	0000	74

BT1.c estimated size: 410

