Microchip MPLAB XC8 Compiler V2.46

Linker command line:

-W-3 \
  --edf=C:\Program Files\Microchip\xc8\v2.46\pic\dat\20240104201356_en.msgs \
  -cn -h+dist/default/production\BT3.X.production.sym \
  --cmf=dist/default/production\BT3.X.production.cmf -z -Q16F887 \
  -oC:\Users\thinh\AppData\Local\Temp\xcBsfsk.1\driver_tmp_3.o \
  --defsym=__MPLAB_BUILD=1 --fixupoverflow=error \
  -Mdist/default/production/BT3.X.production.map \
  --md=C:\Users\thinh\AppData\Local\Temp\xcBsfsk.1\driver_tmp_0.dat -E1 \
  -ver=XC8 Compiler --acfsm=1493 -ACODE=00h-07FFhx4 -ASTRCODE=00h-01FFFh \
  -ASTRING=00h-0FFhx32 -ACONST=00h-0FFhx32 -AENTRY=00h-0FFhx32 \
  -ACOMMON=070h-07Fh -ABANK0=020h-06Fh -ABANK1=0A0h-0EFh \
  -ABANK2=0110h-016Fh -ABANK3=0190h-01EFh \
  -ARAM=020h-06Fh,0A0h-0EFh,0110h-016Fh,0190h-01EFh \
  -AABS1=020h-07Fh,0A0h-0EFh,0110h-016Fh,0190h-01EFh -ASFR0=00h-01Fh \
  -ASFR1=080h-09Fh -ASFR2=0100h-010Fh -ASFR3=0180h-018Fh \
  -ACONFIG=02007h-02008h -DCONFIG=2 -AIDLOC=02000h-02003h -DIDLOC=2 \
  -AEEDATA=00h-0FFh/02100h -peeprom_data=EEDATA -DEEDATA=2 -DCODE=2 \
  -DSTRCODE=2 -DSTRING=2 -DCONST=2 -DENTRY=2 \
  -preset_vec=00h,intentry,sivt,init,end_init -ppowerup=CODE -pcinit=CODE \
  -pfunctab=ENTRY -k \
  C:\Users\thinh\AppData\Local\Temp\xcBsfsk.1\driver_tmp_12.o \
  dist/default/production\BT3.X.production.o 

Object code version is 3.11

Machine type is 16F887



                Name                               Link     Load   Length Selector   Space Scale
C:\Users\thinh\AppData\Local\Temp\xcBsfsk.1\driver_tmp_12.o
                end_init                              0        0        3        0       0
                config                             2007     2007        2        0       4
dist/default/production\BT3.X.production.o
                cinit                               7FC      7FC        4      FF8       0
                config                             2007     2007        2        0       4
                text16                              4A2      4A2       23      944       0
                text15                              413      413        A      826       0
                text14                              4C5      4C5       30      98A       0
                text13                              52E      52E       42      A5C       0
                text12                              4F5      4F5       39      9EA       0
                text11                              43C      43C       22      878       0
                text10                              606      606       50      C0C       0
                text9                               41D      41D       1F      83A       0
                text8                               656      656       7B      CAC       0
                text7                               5BA      5BA       4C      B74       0
                text6                               75F      75F       9D      EBE       0
                text5                               570      570       4A      AE0       0
                text4                               401      401        9      802       0
                text3                               45E      45E       22      8BC       0
                text2                               40A      40A        9      814       0
                text1                               480      480       22      900       0
                maintext                            6D1      6D1       8E      DA2       0
                cstackBANK0                          20       20        A       20       1
                cstackCOMMON                         70       70        E       70       1
                strings                               3        3       65        6       0

TOTAL           Name                               Link     Load   Length     Space
        CLASS   CODE           
                end_init                              0        0        3         0
                cinit                               7FC      7FC        4         0
                text16                              4A2      4A2       23         0
                text15                              413      413        A         0
                text14                              4C5      4C5       30         0
                text13                              52E      52E       42         0
                text12                              4F5      4F5       39         0
                text11                              43C      43C       22         0
                text10                              606      606       50         0
                text9                               41D      41D       1F         0
                text8                               656      656       7B         0
                text7                               5BA      5BA       4C         0
                text6                               75F      75F       9D         0
                text5                               570      570       4A         0
                text4                               401      401        9         0
                text3                               45E      45E       22         0
                text2                               40A      40A        9         0
                text1                               480      480       22         0
                maintext                            6D1      6D1       8E         0

        CLASS   STRCODE        

        CLASS   STRING         
                strings                               3        3       65         0

        CLASS   CONST          

        CLASS   ENTRY          

        CLASS   COMMON         
                cstackCOMMON                         70       70        E         1

        CLASS   BANK0          
                cstackBANK0                          20       20        A         1

        CLASS   BANK1          

        CLASS   BANK2          

        CLASS   BANK3          

        CLASS   RAM            

        CLASS   ABS1           
                abs_s1                               7E       7E        2         1

        CLASS   SFR0           

        CLASS   SFR1           

        CLASS   SFR2           

        CLASS   SFR3           

        CLASS   CONFIG         
                config                             2007     2007        2         4

        CLASS   IDLOC          

        CLASS   EEDATA         

        CLASS   HEAP           

        CLASS   STACK          



SEGMENTS        Name                           Load    Length   Top    Selector   Space  Class     Delta

                reset_vec                      000000  000003  000003         0       0  CODE        2
                strings                        000003  000065  000068         6       0  STRING      2
                cstackBANK0                    000020  00000A  00002A        20       1  BANK0       1
                cstackCOMMON                   000070  00000E  00007E        70       1  COMMON      1
                text4                          000401  000009  00040A       802       0  CODE        2
                text2                          00040A  000009  000413       814       0  CODE        2
                text15                         000413  00000A  00041D       826       0  CODE        2
                text9                          00041D  00001F  00043C       83A       0  CODE        2
                text11                         00043C  000022  00045E       878       0  CODE        2
                text3                          00045E  000022  000480       8BC       0  CODE        2
                text1                          000480  000022  0004A2       900       0  CODE        2
                text16                         0004A2  000023  0004C5       944       0  CODE        2
                text14                         0004C5  000030  0004F5       98A       0  CODE        2
                text12                         0004F5  000039  00052E       9EA       0  CODE        2
                text13                         00052E  000042  000570       A5C       0  CODE        2
                text5                          000570  00004A  0005BA       AE0       0  CODE        2
                text7                          0005BA  00004C  000606       B74       0  CODE        2
                text10                         000606  000050  000656       C0C       0  CODE        2
                text8                          000656  00007B  0006D1       CAC       0  CODE        2
                maintext                       0006D1  00008E  00075F       DA2       0  CODE        2
                text6                          00075F  00009D  0007FC       EBE       0  CODE        2
                cinit                          0007FC  000004  000800       FF8       0  CODE        2


UNUSED ADDRESS RANGES

        Name                Unused          Largest block    Delta
        BANK0            002A-006F             46           1
        BANK1            00A0-00EF             50           1
        BANK2            0110-016F             60           1
        BANK3            0190-01EF             60           1
        CODE             0068-0400            399           2
                         0800-1FFF            800
        CONST            0068-0400            100           2
                         0800-1FFF            100
        EEDATA           2100-21FF            100           2
        ENTRY            0068-0400            100           2
                         0800-1FFF            100
        IDLOC            2000-2003              4           2
        RAM              002A-006F             46           1
                         00A0-00EF             50
                         0110-016F             60
                         0190-01EF             60
        SFR0             0000-001F             20           1
        SFR1             0080-009F             20           1
        SFR2             0100-010F             10           1
        SFR3             0180-018F             10           1
        STRCODE          0068-0400            399           2
                         0800-1FFF           1800
        STRING           0068-0400            100           2
                         0800-1FFF            100

                                  Symbol Table

_GIE                                 (abs)        005F
_PEIE                                (abs)        005E
_PS0                                 (abs)        0408
_PS1                                 (abs)        0409
_PS2                                 (abs)        040A
_PSA                                 (abs)        040B
_RD1                                 (abs)        0041
_RD2                                 (abs)        0042
_RD3                                 (abs)        0043
_RD4                                 (abs)        0044
_RD5                                 (abs)        0045
_RD6                                 (abs)        0046
_RD7                                 (abs)        0047
_T0CS                                (abs)        040D
_TMR0                                (abs)        0001
_TMR0IE                              (abs)        005D
_TMR0IF                              (abs)        005A
_TRISD1                              (abs)        0441
_TRISD2                              (abs)        0442
_TRISD3                              (abs)        0443
_TRISD4                              (abs)        0444
_TRISD5                              (abs)        0445
_TRISD6                              (abs)        0446
_TRISD7                              (abs)        0447
__H__absolute__                      __absolute__ 0000
__Habs1                              abs1         0000
__Hbank0                             bank0        0000
__Hbank1                             bank1        0000
__Hbank2                             bank2        0000
__Hbank3                             bank3        0000
__Hcinit                             cinit        0800
__Hclrtext                           clrtext      0000
__Hcode                              code         0000
__Hcommon                            common       0000
__Hconfig                            config       2009
__HcstackBANK0                       cstackBANK0  0000
__HcstackCOMMON                      cstackCOMMON 0000
__Heeprom_data                       eeprom_data  0000
__Hend_init                          end_init     0003
__Hfunctab                           functab      0000
__Hheap                              heap         0000
__Hinit                              init         0000
__Hintentry                          intentry     0000
__Hmaintext                          maintext     0000
__Hpowerup                           powerup      0000
__Hram                               ram          0000
__Hreset_vec                         reset_vec    0000
__Hsfr0                              sfr0         0000
__Hsfr1                              sfr1         0000
__Hsfr2                              sfr2         0000
__Hsfr3                              sfr3         0000
__Hsivt                              sivt         0000
__Hspace_0                           (abs)        0800
__Hspace_1                           (abs)        007E
__Hspace_2                           (abs)        0000
__Hspace_3                           (abs)        0000
__Hspace_4                           (abs)        4010
__Hstack                             stack        0000
__Hstrings                           strings      0000
__Htext                              text         0000
__L__absolute__                      __absolute__ 0000
__Labs1                              abs1         0000
__Lbank0                             bank0        0000
__Lbank1                             bank1        0000
__Lbank2                             bank2        0000
__Lbank3                             bank3        0000
__Lcinit                             cinit        07FC
__Lclrtext                           clrtext      0000
__Lcode                              code         0000
__Lcommon                            common       0000
__Lconfig                            config       0000
__LcstackBANK0                       cstackBANK0  0000
__LcstackCOMMON                      cstackCOMMON 0000
__Leeprom_data                       eeprom_data  0000
__Lend_init                          end_init     0000
__Lfunctab                           functab      0000
__Lheap                              heap         0000
__Linit                              init         0000
__Lintentry                          intentry     0000
__Lmaintext                          maintext     0000
__Lpowerup                           powerup      0000
__Lram                               ram          0000
__Lreset_vec                         reset_vec    0000
__Lsfr0                              sfr0         0000
__Lsfr1                              sfr1         0000
__Lsfr2                              sfr2         0000
__Lsfr3                              sfr3         0000
__Lsivt                              sivt         0000
__Lspace_0                           (abs)        0000
__Lspace_1                           (abs)        0000
__Lspace_2                           (abs)        0000
__Lspace_3                           (abs)        0000
__Lspace_4                           (abs)        0000
__Lstack                             stack        0000
__Lstrings                           strings      0000
__Ltext                              text         0000
__S0                                 (abs)        0800
__S1                                 (abs)        007E
__S3                                 (abs)        0000
___heap_hi                           (abs)        0000
___heap_lo                           (abs)        0000
___int_sp                            stack        0000
___int_stack_hi                      stack        0000
___int_stack_lo                      stack        0000
___latbits                           (abs)        0002
___sp                                stack        0000
___stack_hi                          stack        0000
___stack_lo                          stack        0000
___stackhi                           (abs)        0000
___stacklo                           (abs)        0000
__end_of__initialization             cinit        07FC
__end_of__stringtab                  strings      0009
__end_of_cgram_dat                   strings      0066
__end_of_chop_tat                    text8        06D1
__end_of_dat_line1                   strings      0025
__end_of_dat_line2                   strings      0017
__end_of_delay100us                  text16       04C5
__end_of_delay200ms                  text15       041D
__end_of_in_chu                      text7        0606
__end_of_lcd_ShiftLeft               text4        040A
__end_of_lcd_ShiftRight              text2        0413
__end_of_lcd_busy                    text14       04F5
__end_of_lcd_gotoxy                  text11       045E
__end_of_lcd_init                    text6        07FC
__end_of_lcd_put_byte                text12       052E
__end_of_lcd_put_nibble              text13       0570
__end_of_lcd_putc                    text10       0656
__end_of_lcd_puts                    text9        043C
__end_of_load_custom_characters      text5        05BA
__end_of_main                        maintext     075F
__end_of_shift_left_screen           text3        0480
__end_of_shift_right_screen          text1        04A2
__initialization                     cinit        07FC
__pcstackBANK0                       cstackBANK0  0020
__pcstackCOMMON                      cstackCOMMON 0070
__pmaintext                          maintext     06D1
__pstrings                           strings      0003
__ptext1                             text1        0480
__ptext10                            text10       0606
__ptext11                            text11       043C
__ptext12                            text12       04F5
__ptext13                            text13       052E
__ptext14                            text14       04C5
__ptext15                            text15       0413
__ptext16                            text16       04A2
__ptext2                             text2        040A
__ptext3                             text3        045E
__ptext4                             text4        0401
__ptext5                             text5        0570
__ptext6                             text6        075F
__ptext7                             text7        05BA
__ptext8                             text8        0656
__ptext9                             text9        041D
__stringbase                         strings      0008
__stringtab                          strings      0003
_cgram_dat                           strings      0025
_chop_tat                            text8        0656
_dat_line1                           strings      0017
_dat_line2                           strings      0009
_delay100us                          text16       04A2
_delay200ms                          text15       0413
_in_chu                              text7        05BA
_lcd_ShiftLeft                       text4        0401
_lcd_ShiftRight                      text2        040A
_lcd_busy                            text14       04C5
_lcd_gotoxy                          text11       043C
_lcd_init                            text6        075F
_lcd_put_byte                        text12       04F5
_lcd_put_nibble                      text13       052E
_lcd_putc                            text10       0606
_lcd_puts                            text9        041D
_load_custom_characters              text5        0570
_main                                maintext     06D1
_shift_left_screen                   text3        045E
_shift_right_screen                  text1        0480
btemp                                (abs)        007E
chop_tat@i                           cstackBANK0  0020
chop_tat@j                           cstackBANK0  0022
chop_tat@j_95                        cstackBANK0  0024
chop_tat@times                       cstackCOMMON 007B
delay100us@n                         cstackCOMMON 0070
end_of_initialization                cinit        07FC
in_chu@j                             cstackCOMMON 007A
in_chu@j_90                          cstackCOMMON 007C
intlevel0                            functab      0000
intlevel1                            functab      0000
intlevel2                            functab      0000
intlevel3                            functab      0000
intlevel4                            functab      0000
intlevel5                            functab      0000
lcd_busy@busy                        cstackCOMMON 0071
lcd_gotoxy@address                   cstackCOMMON 0078
lcd_gotoxy@col                       cstackCOMMON 0077
lcd_gotoxy@row                       cstackCOMMON 0076
lcd_put_byte@b                       cstackCOMMON 0073
lcd_put_byte@rs                      cstackCOMMON 0075
lcd_put_nibble@b                     cstackCOMMON 0071
lcd_put_nibble@temp                  cstackCOMMON 0072
lcd_putc@c                           cstackCOMMON 0079
lcd_puts@s                           cstackCOMMON 007A
load_custom_characters@custom_data   cstackCOMMON 0078
load_custom_characters@i             cstackCOMMON 0079
load_custom_characters@start_address cstackCOMMON 0076
main@i                               cstackBANK0  0026
main@i_109                           cstackBANK0  0028
reset_vec                            reset_vec    0000
shift_left_screen@i                  cstackCOMMON 0079
shift_left_screen@times              cstackCOMMON 0076
shift_right_screen@i                 cstackCOMMON 0079
shift_right_screen@times             cstackCOMMON 0076
start                                init         0000
start_initialization                 cinit        07FC
wtemp0                               (abs)        007E


MODULE INFORMATION

Module		Function		Class		Link	Load	Size
shared
		__stringtab    		STRING         	0003	0000	6
		__initialization		CODE           	07FC	0000	1
		_dat_line1     		STRING         	0017	0000	14
		_dat_line2     		STRING         	0009	0000	14
		_cgram_dat     		STRING         	0025	0000	65

shared estimated size: 100

lcd.c
		_lcd_busy      		CODE           	04C5	0000	48
		_lcd_putc      		CODE           	0606	0000	80
		_lcd_puts      		CODE           	041D	0000	31
		_lcd_put_byte  		CODE           	04F5	0000	57
		_lcd_ShiftLeft 		CODE           	0401	0000	9
		_lcd_ShiftRight		CODE           	040A	0000	9
		_lcd_put_nibble		CODE           	052E	0000	66
		_lcd_gotoxy    		CODE           	043C	0000	34
		_lcd_init      		CODE           	075F	0000	157

lcd.c estimated size: 491

BT3.c
		_delay100us    		CODE           	04A2	0000	35
		_shift_left_screen		CODE           	045E	0000	34
		_in_chu        		CODE           	05BA	0000	76
		_main          		CODE           	06D1	0000	142
		_delay200ms    		CODE           	0413	0000	10
		_load_custom_characters		CODE           	0570	0000	74
		_shift_right_screen		CODE           	0480	0000	34
		_chop_tat      		CODE           	0656	0000	123

BT3.c estimated size: 528

